/Users/rajeshkoyi/Desktop/ManaBandhu/Manabandhu/backend/src/main/java/com/manabandhu/model/community/Post.java
/Users/rajeshkoyi/Desktop/ManaBandhu/Manabandhu/backend/src/main/java/com/manabandhu/config/RedisConfig.java
/Users/rajeshkoyi/Desktop/ManaBandhu/Manabandhu/backend/src/main/java/com/manabandhu/model/User.java
/Users/rajeshkoyi/Desktop/ManaBandhu/Manabandhu/backend/src/main/java/com/manabandhu/config/OpenApiConfig.java
/Users/rajeshkoyi/Desktop/ManaBandhu/Manabandhu/backend/src/main/java/com/manabandhu/exception/GlobalExceptionHandler.java
/Users/rajeshkoyi/Desktop/ManaBandhu/Manabandhu/backend/src/main/java/com/manabandhu/config/SecurityConfig.java
/Users/rajeshkoyi/Desktop/ManaBandhu/Manabandhu/backend/src/main/java/com/manabandhu/model/expense/Expense.java
/Users/rajeshkoyi/Desktop/ManaBandhu/Manabandhu/backend/src/main/java/com/manabandhu/exception/ResourceNotFoundException.java
/Users/rajeshkoyi/Desktop/ManaBandhu/Manabandhu/backend/src/main/java/com/manabandhu/controller/CommunityController.java
/Users/rajeshkoyi/Desktop/ManaBandhu/Manabandhu/backend/src/main/java/com/manabandhu/dto/UserDTO.java
/Users/rajeshkoyi/Desktop/ManaBandhu/Manabandhu/backend/src/main/java/com/manabandhu/controller/HealthController.java
/Users/rajeshkoyi/Desktop/ManaBandhu/Manabandhu/backend/src/main/java/com/manabandhu/model/chat/Message.java
/Users/rajeshkoyi/Desktop/ManaBandhu/Manabandhu/backend/src/main/java/com/manabandhu/model/chat/Chat.java
/Users/rajeshkoyi/Desktop/ManaBandhu/Manabandhu/backend/src/main/java/com/manabandhu/service/ChatService.java
/Users/rajeshkoyi/Desktop/ManaBandhu/Manabandhu/backend/src/main/java/com/manabandhu/repository/UserRepository.java
/Users/rajeshkoyi/Desktop/ManaBandhu/Manabandhu/backend/src/main/java/com/manabandhu/dto/ChatDTO.java
/Users/rajeshkoyi/Desktop/ManaBandhu/Manabandhu/backend/src/main/java/com/manabandhu/dto/OnboardingRequest.java
/Users/rajeshkoyi/Desktop/ManaBandhu/Manabandhu/backend/src/main/java/com/manabandhu/dto/CommunityPostDTO.java
/Users/rajeshkoyi/Desktop/ManaBandhu/Manabandhu/backend/src/main/java/com/manabandhu/service/CommunityService.java
/Users/rajeshkoyi/Desktop/ManaBandhu/Manabandhu/backend/src/main/java/com/manabandhu/dto/LoginRequest.java
/Users/rajeshkoyi/Desktop/ManaBandhu/Manabandhu/backend/src/main/java/com/manabandhu/ManaBandhuApplication.java
/Users/rajeshkoyi/Desktop/ManaBandhu/Manabandhu/backend/src/main/java/com/manabandhu/model/job/Job.java
/Users/rajeshkoyi/Desktop/ManaBandhu/Manabandhu/backend/src/main/java/com/manabandhu/dto/JobDTO.java
/Users/rajeshkoyi/Desktop/ManaBandhu/Manabandhu/backend/src/main/java/com/manabandhu/dto/CreateUserRequest.java
/Users/rajeshkoyi/Desktop/ManaBandhu/Manabandhu/backend/src/main/java/com/manabandhu/controller/AuthController.java
/Users/rajeshkoyi/Desktop/ManaBandhu/Manabandhu/backend/src/main/java/com/manabandhu/repository/CommunityPostRepository.java
/Users/rajeshkoyi/Desktop/ManaBandhu/Manabandhu/backend/src/main/java/com/manabandhu/dto/SignupRequest.java
/Users/rajeshkoyi/Desktop/ManaBandhu/Manabandhu/backend/src/main/java/com/manabandhu/repository/RoomRideRepository.java
/Users/rajeshkoyi/Desktop/ManaBandhu/Manabandhu/backend/src/main/java/com/manabandhu/model/ride/Ride.java
/Users/rajeshkoyi/Desktop/ManaBandhu/Manabandhu/backend/src/main/java/com/manabandhu/service/UserService.java
/Users/rajeshkoyi/Desktop/ManaBandhu/Manabandhu/backend/src/main/java/com/manabandhu/controller/JobController.java
/Users/rajeshkoyi/Desktop/ManaBandhu/Manabandhu/backend/src/main/java/com/manabandhu/model/community/CommunityPost.java
/Users/rajeshkoyi/Desktop/ManaBandhu/Manabandhu/backend/src/main/java/com/manabandhu/dto/AuthResponse.java
/Users/rajeshkoyi/Desktop/ManaBandhu/Manabandhu/backend/src/main/java/com/manabandhu/repository/MessageRepository.java
/Users/rajeshkoyi/Desktop/ManaBandhu/Manabandhu/backend/src/main/java/com/manabandhu/controller/RoomRideController.java
/Users/rajeshkoyi/Desktop/ManaBandhu/Manabandhu/backend/src/main/java/com/manabandhu/config/FirebaseConfig.java
/Users/rajeshkoyi/Desktop/ManaBandhu/Manabandhu/backend/src/main/java/com/manabandhu/repository/JobRepository.java
/Users/rajeshkoyi/Desktop/ManaBandhu/Manabandhu/backend/src/main/java/com/manabandhu/model/room/Room.java
/Users/rajeshkoyi/Desktop/ManaBandhu/Manabandhu/backend/src/main/java/com/manabandhu/dto/MessageDTO.java
/Users/rajeshkoyi/Desktop/ManaBandhu/Manabandhu/backend/src/main/java/com/manabandhu/controller/ChatController.java
/Users/rajeshkoyi/Desktop/ManaBandhu/Manabandhu/backend/src/main/java/com/manabandhu/service/JobService.java
/Users/rajeshkoyi/Desktop/ManaBandhu/Manabandhu/backend/src/main/java/com/manabandhu/controller/UserController.java
/Users/rajeshkoyi/Desktop/ManaBandhu/Manabandhu/backend/src/main/java/com/manabandhu/repository/ChatRepository.java
/Users/rajeshkoyi/Desktop/ManaBandhu/Manabandhu/backend/src/main/java/com/manabandhu/security/FirebaseAuthenticationFilter.java
